
Brownout detector was triggered

ets Jun  8 2016 00:22:57

rst:0xc (SW_CPU_RESET),boot:0x13 (SPI_FAST_FLASH_BOOT)
configsip: 0, SPIWP:0xee
clk_drv:0x00,q_drv:0x00,d_drv:0x00,cs0_drv:0x00,hd_drv:0x00,wp_drv:0x00
mode:DIO, clock div:1
load:0x3fff0030,len:7332
load:0x40078000,len:16496
ho 0 tail 12 room 4
load:0x40080400,len:4280
entry 0x4008066c
[0;32mI (29) boot: ESP-IDF v5.0.4 2nd stage bootloader[0m
[0;32mI (29) boot: compile time 11:24:59[0m
[0;32mI (29) boot: Multicore bootloader[0m
[0;32mI (32) boot: chip revision: v1.0[0m
[0;32mI (36) qio_mode: Enabling default flash chip QIO[0m
[0;32mIï¿½ets Jun  8 2016 00:22:57

rst:0x1 (POWERON_RESET),boot:0x13 (SPI_FAST_FLASH_BOOT)
configsip: 0, SPIWP:0xee
clk_drv:0x00,q_drv:0x00,d_drv:0x00,cs0_drv:0x00,hd_drv:0x00,wp_drv:0x00
mode:DIO, clock div:1
load:0x3fff0030,len:7332
load:0x40078000,len:16496
ho 0 tail 12 room 4
load:0x40080400,len:4280
entry 0x4008066c
[0;32mI (28) boot: ESP-IDF v5.0.4 2nd stage bootloader[0m
[0;32mI (28) boot: compile time 11:24:59[0m
[0;32mI (28) boot: Multicore bootloader[0m
[0;32mI (31) boot: chip revision: v1.0[0m
[0;32mI (35) qio_mode: Enabling default flash chip QIO[0m
[0;32mI (40) boot.esp32: SPI Speed      : 80MHz[0m
[0;32mI (45) boot.esp32: SPI Mode       : QIO[0m
[0;32mI (50) boot.esp32: SPI Flash Size : 4MB[0m
[0;32mI (54) boot: Enabling RNG early entropy source...[0m
[0;32mI (60) boot: Partition Table:[0m
[0;32mI (63) boot: ## Label            Usage          Type ST Offset   Length[0m
[0;32mI (70) boot:  0 nvs              WiFi data        01 02 00011000 00006000[0m
[0;32mI (78) boot:  1 phy_init         RF data          01 01 00017000 00001000[0m
[0;32mI (85) boot:  2 factory          factory app      00 00 00020000 00100000[0m
[0;32mI (93) boot: End of partition table[0m
[0;32mI (97) esp_image: segment 0: paddr=00020020 vaddr=3f400020 size=27f0ch (163596) map[0m
[0;32mI (151) esp_image: segment 1: paddr=00047f34 vaddr=3ffb0000 size=04270h ( 17008) load[0m
[0;32mI (156) esp_image: segment 2: paddr=0004c1ac vaddr=40080000 size=03e6ch ( 15980) load[0m
[0;32mI (162) esp_image: segment 3: paddr=00050020 vaddr=400d0020 size=97730h (620336) map[0m
[0;32mI (335) esp_image: segment 4: paddr=000e7758 vaddr=40083e6c size=186c4h (100036) load[0m
[0;32mI (382) boot: Loaded app from partition at offset 0x20000[0m
[0;32mI (382) boot: Disabling RNG early entropy source...[0m
[0;32mI (394) cpu_start: Multicore app[0m
[0;32mI (394) quad_psram: This chip is ESP32-D0WD[0m
[0;32mI (395) esp_psram: Found 8MB PSRAM device[0m
[0;32mI (396) esp_psram: Speed: 80MHz[0m
[0;32mI (400) esp_psram: PSRAM initialized, cache is in low/high (2-core) mode.[0m
[0;33mW (407) esp_psram: Virtual address not enough for PSRAM, map as much as we can. 4MB is mapped[0m
[0;32mI (416) cpu_start: Pro cpu up.[0m
[0;32mI (420) cpu_start: Starting app cpu, entry point is 0x400816f8[0m
[0;32mI (0) cpu_start: App cpu up.[0m
[0;32mI (938) esp_psram: SPI SRAM memory test OK[0m
[0;32mI (946) cpu_start: Pro cpu start user code[0m
[0;32mI (946) cpu_start: cpu freq: 240000000 Hz[0m
[0;32mI (946) cpu_start: Application information:[0m
[0;32mI (949) cpu_start: Project name:     camera_example[0m
[0;32mI (954) cpu_start: App version:      ceb442c-dirty[0m
[0;32mI (960) cpu_start: Compile time:     Dec  4 2023 17:49:47[0m
[0;32mI (966) cpu_start: ELF file SHA256:  ca01120daf36f04b...[0m
[0;32mI (972) cpu_start: ESP-IDF:          v5.0.4[0m
[0;32mI (977) cpu_start: Min chip rev:     v0.0[0m
[0;32mI (982) cpu_start: Max chip rev:     v3.99 [0m
[0;32mI (986) cpu_start: Chip rev:         v1.0[0m
[0;32mI (991) heap_init: Initializing. RAM available for dynamic allocation:[0m
[0;32mI (998) heap_init: At 3FFAE6E0 len 00001920 (6 KiB): DRAM[0m
[0;32mI (1004) heap_init: At 3FFB8910 len 000276F0 (157 KiB): DRAM[0m
[0;32mI (1011) heap_init: At 3FFE0440 len 00003AE0 (14 KiB): D/IRAM[0m
[0;32mI (1017) heap_init: At 3FFE4350 len 0001BCB0 (111 KiB): D/IRAM[0m
[0;32mI (1024) heap_init: At 4009C530 len 00003AD0 (14 KiB): IRAM[0m
[0;32mI (1030) esp_psram: Adding pool of 4096K of PSRAM memory to heap allocator[0m
[0;32mI (1038) spi_flash: detected chip: generic[0m
[0;32mI (1042) spi_flash: flash io: qio[0m
[0;32mI (1047) app_start: Starting scheduler on CPU0[0m
[[0;32mI (1051) app_start: Starting scheduler on CPU1[0m
0;32mI (1051) main_task: Started on CPU0[0m
[0;32mI (1061) esp_psram: Reserving pool of 32K of internal memory for DMA/internal allocations[0m
[0;32mI (1069) main_task: Calling app_main()[0m
[0;32mI (1073) esp32-cam Webserver: ESP32 CAM Web Server .......
[0m
I (1110) wifi:wifi driver task: 3ffc895c, prio:23, stack:6656, core=0
[0;32mI (1110) system_api: Base MAC address is not set[0m
[0;32mI (1110) system_api: read default base MAC address from EFUSE[0m
I (1131) wifi:wifi firmware version: e2d0ad8
I (1131) wifi:wifi certification version: v7.0
I (1131) wifi:config NVS flash: enabled
I (1131) wifi:config nano formating: disabled
I (1136) wifi:Init data frame dynamic rx buffer num: 32
I (1140) wifi:Init management frame dynamic rx buffer num: 32
I (1146) wifi:Init management short buffer num: 32
I (1151) wifi:Init static tx buffer num: 16
I (1155) wifi:Init tx cache buffer num: 32
I (1158) wifi:Init static rx buffer size: 1600
I (1162) wifi:Init static rx buffer num: 10
I (1166) wifi:Init dynamic rx buffer num: 32
[0;32mI (1171) wifi_init: rx ba win: 6[0m
[0;32mI (1174) wifi_init: tcpip mbox: 32[0m
[0;32mI (1178) wifi_init: udp mbox: 6[0m
[0;32mI (1182) wifi_init: tcp mbox: 6[0m
[0;32mI (1186) wifi_init: tcp tx win: 5744[0m
[0;32mI (1190) wifi_init: tcp rx win: 5744[0m
[0;32mI (1194) wifi_init: tcp mss: 1440[0m
[0;32mI (1198) wifi_init: WiFi IRAM OP enabled[0m
[0;32mI (1203) wifi_init: WiFi RX IRAM OP enabled[0m
[0;32mI (1212) phy_init: phy_version 4771,450c73b,Aug 16 2023,11:03:10[0m
I (1280) wifi:mode : softAP (30:c6:f7:04:f9:d9)
I (1282) wifi:Total power save buffer number: 8
I (1283) wifi:Init max length of beacon: 752/752
I (1283) wifi:Init max length of beacon: 752/752
[0;32mI (1287) gpio: GPIO[25]| InputEn: 1| OutputEn: 0| OpenDrain: 0| Pullup: 1| Pulldown: 0| Intr:2 [0m
[0;32mI (1296) cam_hal: cam init ok[0m
[0;32mI (1300) sccb: pin_sda 26 pin_scl 27[0m
[0;32mI (1304) sccb: sccb_i2c_port=0[0m
[0;32mI (1308) gpio: GPIO[32]| InputEn: 0| OutputEn: 1| OpenDrain: 0| Pullup: 0| Pulldown: 0| Intr:0 [0m
[0;32mI (1347) camera: Detected camera at address=0x30[0m
[0;32mI (1350) camera: Detected OV2640 camera[0m
[0;32mI (1350) camera: Camera PID=0x26 VER=0x42 MIDL=0x7f MIDH=0xa2[0m

Brownout detector was triggered

ets Jun  8 2016 00:22:57

rst:0xc (SW_CPU_RESET),boot:0x13 (SPI_FAST_FLASH_BOOT)
configsip: 0, SPIWP:0xee
clk_drv:0x00,q_drv:0x00,d_drv:0x00,cs0_drv:0x00,hd_drv:0x00,wp_drv:0x00
mode:DIO, clock div:1
load:0x3fff0030,len:7332
load:0x40078000,len:16496
ho 0 tail 12 room 4
load:0x40080400,len:4280
entry 0x4008066c
[0;32mI (29) boot: ESP-IDF v5.0.4 2nd stage bootloader[0m
[0;32mI (29) boot: compile time 11:24:59[0m
[0;32mI (29) boot: Multicore bootloader[0m
[0;32mI (32) boot: chip revision: v1.0[0m
[0;32mI (36) qio_mode: Enabling default flash chip QIO[0m
[0;32mI (41) boot.esp32: SPI Speed      : 80MHz[0m
[0;32mI (46) boot.esp32: SPI Mode       : QIO[0m
[0;32mI (50) boot.esp32: SPI Flash Size : 4MB[0m
[0;32mI (55) boot: Enabling RNG early entropy source...[0m
[0;32mI (60) boot: Partition Table:[0m
[0;32mI (64) boot: ## Label            Usage          Type ST Offset   Length[0m
[0;32mI (71) boot:  0 nvs              WiFi data        01 02 00011000 00006000[0m
[0;32mI (79) boot:  1 phy_init         RF data          01 01 00017000 00001000[0m
[0;32mI (86) boot:  2 factory          factory app      00 00 00020000 00100000[0m
[0;32mI (94) boot: End of partition table[0m
[0;32mI (98) esp_image: segment 0: paddr=00020020 vaddr=3f400020 size=27f0ch (163596) map[0m
[0;32mI (151) esp_image: segment 1: paddr=00047f34 vaddr=3ffb0000 size=04270h ( 17008) load[0m
[0;32mI (157) esp_image: segment 2: paddr=0004c1ac vaddr=40080000 size=03e6ch ( 15980) load[0m
[0;32mI (162) esp_image: segment 3: paddr=00050020 vaddr=400d0020 size=97730h (620336) map[0m
[0;32mI (336) esp_image: segment 4: paddr=000e7758 vaddr=40083e6c size=186c4h (100036) load[0m
[0;32mI (383) boot: Loaded app from partition at offset 0x20000[0m
[0;32mI (383) boot: Disabling RNG early entropy source...[0m
[0;32mI (394) cpu_start: Multicore app[0m
[0;32mI (395) quad_psram: This chip is ESP32-D0WD[0m
[0;32mI (395) esp_psram: Found 8MB PSRAM device[0m
[0;32mI (397) esp_psram: Speed: 80MHz[0m
[0;32mI (401) esp_psram: PSRAM initialized, cache is in low/high (2-core) mode.[0m
[0;33mW (408) esp_psram: Virtual address not enough for PSRAM, map as much as we can. 4MB is mapped[0m
[0;32mI (417) cpu_start: Pro cpu up.[0m
[0;32mI (421) cpu_start: Starting app cpu, entry point is 0x400816f8[0m
[0;32mI (413) cpu_start: App cpu up.[0m
[0;32mI (939) esp_psram: SPI SRAM memory test OK[0m
[0;32mI (947) cpu_start: Pro cpu start user code[0m
[0;32mI (947) cpu_start: cpu freq: 240000000 Hz[0m
[0;32mI (947) cpu_start: Application information:[0m
[0;32mI (950) cpu_start: Project name:     camera_example[0m
[0;32mI (955) cpu_start: App version:      ceb442c-dirty[0m
[0;32mI (961) cpu_start: Compile time:     Dec  4 2023 17:49:47[0m
[0;32mI (967) cpu_start: ELF file SHA256:  ca01120daf36f04b...[0m
[0;32mI (973) cpu_start: ESP-IDF:          v5.0.4[0m
[0;32mI (978) cpu_start: Min chip rev:     v0.0[0m
[0;32mI (982) cpu_start: Max chip rev:     v3.99 [0m
[0;32mI (987) cpu_start: Chip rev:         v1.0[0m
[0;32mI (992) heap_init: Initializing. RAM available for dynamic allocation:[0m
[0;32mI (999) heap_init: At 3FFAE6E0 len 00001920 (6 KiB): DRAM[0m
[0;32mI (1005) heap_init: At 3FFB8910 len 000276F0 (157 KiB): DRAM[0m
[0;32mI (1011) heap_init: At 3FFE0440 len 00003AE0 (14 KiB): D/IRAM[0m
[0;32mI (1018) heap_init: At 3FFE4350 len 0001BCB0 (111 KiB): D/IRAM[0m
[0;32mI (1024) heap_init: At 4009C530 len 00003AD0 (14 KiB): IRAM[0m
[0;32mI (1031) esp_psram: Adding pool of 4096K of PSRAM memory to heap allocator[0m
[0;32mI (1039) spi_flash: detected chip: generic[0m
[0;32mI (1043) spi_flash: flash io: qio[0m
[0;32mI (1048) app_start: Starting scheduler on CPU0[0m
[[0;32mI (1052) app_start: Starting scheduler on CPU1[0m
0;32mI (1052) main_task: Started on CPU0[0m
[0;32mI (1062) esp_psram: Reserving pool of 32K of internal memory for DMA/internal allocations[0m
[0;32mI (1070) main_task: Calling app_main()[0m
[0;32mI (1074) esp32-cam Webserver: ESP32 CAM Web Server .......
[0m
I (1111) wifi:wifi driver task: 3ffc895c, prio:23, stack:6656, core=0
[0;32mI (1111) system_api: Base MAC address is not set[0m
[0;32mI (1111) system_api: read default base MAC address from EFUSE[0m
I (1132) wifi:wifi firmware version: e2d0ad8
I (1132) wifi:wifi certification version: v7.0
I (1132) wifi:config NVS flash: enabled
I (1132) wifi:config nano formating: disabled
I (1137) wifi:Init data frame dynamic rx buffer num: 32
I (1141) wifi:Init management frame dynamic rx buffer num: 32
I (1147) wifi:Init management short buffer num: 32
I (1152) wifi:Init static tx buffer num: 16
I (1156) wifi:Init tx cache buffer num: 32
I (1159) wifi:Init static rx buffer size: 1600
I (1163) wifi:Init static rx buffer num: 10
I (1167) wifi:Init dynamic rx buffer num: 32
[0;32mI (1172) wifi_init: rx ba win: 6[0m
[0;32mI (1175) wifi_init: tcpip mbox: 32[0m
[0;32mI (1179) wifi_init: udp mbox: 6[0m
[0;32mI (1183) wifi_init: tcp mbox: 6[0m
[0;32mI (1187) wifi_init: tcp tx win: 5744[0m
[0;32mI (1191) wifi_init: tcp rx win: 5744[0m
[0;32mI (1195) wifi_init: tcp mss: 1440[0m
[0;32mI (1199) wifi_init: WiFi IRAM OP enabled[0m
[0;32mI (1204) wifi_init: WiFi RX IRAM OP enabled[0m
[0;32mI (1213) phy_init: phy_version 4771,450c73b,Aug 16 2023,11:03:10[0m

Brownout detector was triggered

ets Jun  8 2016 00:22:57

rst:0xc (SW_CPU_RESET),boot:0x13 (SPI_FAST_FLASH_BOOT)
configsip: 0, SPIWP:0xee
clk_drv:0x00,q_drv:0x00,d_drv:0x00,cs0_drv:0x00,hd_drv:0x00,wp_drv:0x00
mode:DIO, clock div:1
load:0x3fff0030,len:7332
load:0x40078000,len:16496
ho 0 tail 12 room 4
load:0x40080400,len:4280
entry 0x4008066c
[0;32mI (29) boot: ESP-IDF v5.0.4 2nd stage bootloader[0m
[0;32mI (29) boot: compile time 11:24:59[0m
[0;32mI (29) boot: Multicore bootloader[0m
[0;32mI (32) boot: chip revision: v1.0[0m
[0;32mI (36) qio_mode: Enabling default flash chip QIO[0m
[0;32mI (41) boot.esp32: SPI Speed      : 80MHz[0m
[0;32mI (46) boot.esp32: SPI Mode       : QIO[0m
[0;32mI (50) boot.esp32: SPI Flash Size : 4MB[0m
[0;32mI (55) boot: Enabling RNG early entropy source...[0m
[0;32mI (60) boot: Partition Table:[0m
[0;32mI (64) boot: ## Label            Usage          Type ST Offset   Length[0m
[0;32mI (71) boot:  0 nvs              WiFi data        01 02 00011000 00006000[0m
[0;32mI (79) boot:  1 phy_init         RF data          01 01 00017000 00001000[0m
[0;32mI (86) boot:  2 factory          factory app      00 00 00020000 00100000[0m
[0;32mI (94) boot: End of partition table[0m
[0;32mI (98) esp_image: segment 0: paddr=00020020 vaddr=3f400020 size=27f0ch (163596) map[0m
[0;32mI (151) esp_image: segment 1: paddr=00047f34 vaddr=3ffb0000 size=04270h ( 17008) load[0m
[0;32mI (157) esp_image: segment 2: paddr=0004c1ac vaddr=40080000 size=03e6ch ( 15980) load[0m
[0;32mI (162) esp_image: segment 3: paddr=00050020 vaddr=400d0020 size=97730h (620336) map[0m
[0;32mI (336) esp_image: segment 4: paddr=000e7758 vaddr=40083e6c size=186c4h (100036) load[0m
[0;32mI (383) boot: Loaded app from partition at offset 0x20000[0m
[0;32mI (383) boot: Disabling RNG early entropy source...[0m
[0;32mI (394) cpu_start: Multicore app[0m
[0;32mI (395) quad_psram: This chip is ESP32-D0WD[0m
[0;32mI (395) esp_psram: Found 8MB PSRAM device[0m
[0;32mI (397) esp_psram: Speed: 80MHz[0m
[0;32mI (401) esp_psram: PSRAM initialized, cache is in low/high (2-core) mode.[0m
[0;33mW (408) esp_psram: Virtual address not enough for PSRAM, map as much as we can. 4MB is mapped[0m
[0;32mI (417) cpu_start: Pro cpu up.[0m
[0;32mI (421) cpu_start: Starting app cpu, entry point is 0x400816f8[0m
[0;32mI (413) cpu_start: App cpu up.[0m
[0;32mI (939) esp_psram: SPI SRAM memory test OK[0m
[0;32mI (947) cpu_start: Pro cpu start user code[0m
[0;32mI (947) cpu_start: cpu freq: 240000000 Hz[0m
[0;32mI (947) cpu_start: Application information:[0m
[0;32mI (950) cpu_start: Project name:     camera_example[0m
[0;32mI (955) cpu_start: App version:      ceb442c-dirty[0m
[0;32mI (961) cpu_start: Compile time:     Dec  4 2023 17:49:47[0m
[0;32mI (967) cpu_start: ELF file SHA256:  ca01120daf36f04b...[0m
[0;32mI (973) cpu_start: ESP-IDF:          v5.0.4[0m
[0;32mI (978) cpu_start: Min chip rev:     v0.0[0m
[0;32mI (982) cpu_start: Max chip rev:     v3.99 [0m
[0;32mI (987) cpu_start: Chip rev:         v1.0[0m
[0;32mI (992) heap_init: Initializing. RAM available for dynamic allocation:[0m
[0;32mI (999) heap_init: At 3FFAE6E0 len 00001920 (6 KiB): DRAM[0m
[0;32mI (1005) heap_init: At 3FFB8910 len 000276F0 (157 KiB): DRAM[0m
[0;32mI (1011) heap_init: At 3FFE0440 len 00003AE0 (14 KiB): D/IRAM[0m
[0;32mI (1018) heap_init: At 3FFE4350 len 0001BCB0 (111 KiB): D/IRAM[0m
[0;32mI (1024) heap_init: At 4009C530 len 00003AD0 (14 KiB): IRAM[0m
[0;32mI (1031) esp_psram: Adding pool of 4096K of PSRAM memory to heap allocator[0m
[0;32mI (1039) spi_flash: detected chip: generic[0m
[0;32mI (1043) spi_flash: flash io: qio[0m
[0;32mI (1048) app_start: Starting scheduler on CPU0[0m
[[0;32mI (1052) app_start: Starting scheduler on CPU1[0m
0;32mI (1052) main_task: Started on CPU0[0m
[0;32mI (1062) esp_psram: Reserving pool of 32K of internal memory for DMA/internal allocations[0m
[0;32mI (1070) main_task: Calling app_main()[0m
[0;32mI (1074) esp32-cam Webserver: ESP32 CAM Web Server .......
[0m
I (1111) wifi:wifi driver task: 3ffc895c, prio:23, stack:6656, core=0
[0;32mI (1111) system_api: Base MAC address is not set[0m
[0;32mI (1111) system_api: read default base MAC address from EFUSE[0m
I (1132) wifi:wifi firmware version: e2d0ad8
I (1132) wifi:wifi certification version: v7.0
I (1132) wifi:config NVS flash: enabled
I (1132) wifi:config nano formating: disabled
I (1137) wifi:Init data frame dynamic rx buffer num: 32
I (1141) wifi:Init management frame dynamic rx buffer num: 32
I (1147) wifi:Init management short buffer num: 32
I (1152) wifi:Init static tx buffer num: 16
I (1156) wifi:Init tx cache buffer num: 32
I (1159) wifi:Init static rx buffer size: 1600
I (1163) wifi:Init static rx buffer num: 10
I (1167) wifi:Init dynamic rx buffer num: 32
[0;32mI (1172) wifi_init: rx ba win: 6[0m
[0;32mI (1175) wifi_init: tcpip mbox: 32[0m
[0;32mI (1179) wifi_init: udp mbox: 6[0m
[0;32mI (1183) wifi_init: tcp mbox: 6[0m
[0;32mI (1187) wifi_init: tcp tx win: 5744[0m
[0;32mI (1191) wifi_init: tcp rx win: 5744[0m
[0;32mI (1195) wifi_init: tcp mss: 1440[0m
[0;32mI (1199) wifi_init: WiFi IRAM OP enabled[0m
[0;32mI (1204) wifi_init: WiFi RX IRAM OP enabled[0m
[0;32mI (1213) phy_init: phy_version 4771,450c73b,Aug 16 2023,11:03:10[0m

Brownout detector was triggered

ets Jun  8 2016 00:22:57

rst:0xc (SW_CPU_RESET),boot:0x13 (SPI_FAST_FLASH_BOOT)
configsip: 0, SPIWP:0xee
clk_drv:0x00,q_drv:0x00,d_drv:0x00,cs0_drv:0x00,hd_drv:0x00,wp_drv:0x00
mode:DIO, clock div:1
load:0x3fff0030,len:7332
load:0x40078000,len:16496
ho 0 tail 12 room 4
load:0x40080400,len:4280
entry 0x4008066c
[0;32mI (29) boot: ESP-IDF v5.0.4 2nd stage bootloader[0m
[0;32mI (29) boot: compile time 11:24:59[0m
[0;32mI (29) boot: Multicore bootloader[0m
[0;32mI (32) boot: chip revision: v1.0[0m
[0;32mI (36) qio_mode: Enabling default flash chip QIO[0m
[0;32mI (41) boot.esp32: SPI Speed      : 80MHz[0m
[0;32mI (46) boot.esp32: SPI Mode       : QIO[0m
[0;32mI (50) boot.esp32: SPI Flash Size : 4MB[0m
[0;32mI (55) boot: Enabling RNG early entropy source...[0m
[0;32mI (60) boot: Partition Table:[0m
[0;32mI (64) boot: ## Label            Usage          Type ST Offset   Length[0m
[0;32mI (71) boot:  0 nvs              WiFi data        01 02 00011000 00006000[0m
[0;32mI (79) boot:  1 phy_init         RF data          01 01 00017000 00001000[0m
[0;32mI (86) boot:  2 factory          factory app      00 00 00020000 00100000[0m
[0;32mI (94) boot: End of partition table[0m
[0;32mI (98) esp_image: segment 0: paddr=00020020 vaddr=3f400020 size=27f0ch (163596) map[0m
[0;32mI (151) esp_image: segment 1: paddr=00047f34 vaddr=3ffb0000 size=04270h ( 17008) load[0m
[0;32mI (157) esp_image: segment 2: paddr=0004c1ac vaddr=40080000 size=03e6ch ( 15980) load[0m
[0;32mI (162) esp_image: segment 3: paddr=00050020 vaddr=400d0020 size=97730h (620336) map[0m
[0;32mI (336) esp_image: segment 4: paddr=000e7758 vaddr=40083e6c size=186c4h (100036) load[0m
[0;32mI (383) boot: Loaded app from partition at offset 0x20000[0m
[0;32mI (383) boot: Disabling RNG early entropy source...[0m
[0;32mI (394) cpu_start: Multicore app[0m
[0;32mI (395) quad_psram: This chip is ESP32-D0WD[0m
[0;32mI (395) esp_psram: Found 8MB PSRAM device[0m
[0;32mI (397) esp_psram: Speed: 80MHz[0m
[0;32mI (401) esp_psram: PSRAM initialized, cache is in low/high (2-core) mode.[0m
[0;33mW (408) esp_psram: Virtual address not enough for PSRAM, map as much as we can. 4MB is mapped[0m
[0;32mI (417) cpu_start: Pro cpu up.[0m
[0;32mI (421) cpu_start: Starting app cpu, entry point is 0x400816f8[0m
[0;32mI (413) cpu_start: App cpu up.[0m
[0;32mI (939) esp_psram: SPI SRAM memory test OK[0m
[0;32mI (947) cpu_start: Pro cpu start user code[0m
[0;32mI (947) cpu_start: cpu freq: 240000000 Hz[0m
[0;32mI (947) cpu_start: Application information:[0m
[0;32mI (950) cpu_start: Project name:     camera_example[0m
[0;32mI (955) cpu_start: App version:      ceb442c-dirty[0m
[0;32mI (961) cpu_start: Compile time:     Dec  4 2023 17:49:47[0m
[0;32mI (967) cpu_start: ELF file SHA256:  ca01120daf36f04b...[0m
[0;32mI (973) cpu_start: ESP-IDF:          v5.0.4[0m
[0;32mI (978) cpu_start: Min chip rev:     v0.0[0m
[0;32mI (982) cpu_start: Max chip rev:     v3.99 [0m
[0;32mI (987) cpu_start: Chip rev:         v1.0[0m
[0;32mI (992) heap_init: Initializing. RAM available for dynamic allocation:[0m
[0;32mI (999) heap_init: At 3FFAE6E0 len 00001920 (6 KiB): DRAM[0m
[0;32mI (1005) heap_init: At 3FFB8910 len 000276F0 (157 KiB): DRAM[0m
[0;32mI (1011) heap_init: At 3FFE0440 len 00003AE0 (14 KiB): D/IRAM[0m
[0;32mI (1018) heap_init: At 3FFE4350 len 0001BCB0 (111 KiB): D/IRAM[0m
[0;32mI (1024) heap_init: At 4009C530 len 00003AD0 (14 KiB): IRAM[0m
[0;32mI (1031) esp_psram: Adding pool of 4096K of PSRAM memory to heap allocator[0m
[0;32mI (1039) spi_flash: detected chip: generic[0m
[0;32mI (1043) spi_flash: flash io: qio[0m
[0;32mI (1048) app_start: Starting scheduler on CPU0[0m
[[0;32mI (1052) app_start: Starting scheduler on CPU1[0m
0;32mI (1052) main_task: Started on CPU0[0m
[0;32mI (1062) esp_psram: Reserving pool of 32K of internal memory for DMA/internal allocations[0m
[0;32mI (1070) main_task: Calling app_main()[0m
[0;32mI (1074) esp32-cam Webserver: ESP32 CAM Web Server .......
[0m
I (1111) wifi:wifi driver task: 3ffc895c, prio:23, stack:6656, core=0
[0;32mI (1111) system_api: Base MAC address is not set[0m
[0;32mI (1111) system_api: read default base MAC address from EFUSE[0m
I (1132) wifi:wifi firmware version: e2d0ad8
I (1132) wifi:wifi certification version: v7.0
I (1132) wifi:config NVS flash: enabled
I (1132) wifi:config nano formating: disabled
I (1137) wifi:Init data frame dynamic rx buffer num: 32
I (1141) wifi:Init management frame dynamic rx buffer num: 32
I (1147) wifi:Init management short buffer num: 32
I (1152) wifi:Init static tx buffer num: 16
I (1156) wifi:Init tx cache buffer num: 32
I (1159) wifi:Init static rx buffer size: 1600
I (1163) wifi:Init static rx buffer num: 10
I (1167) wifi:Init dynamic rx buffer num: 32
[0;32mI (1172) wifi_init: rx ba win: 6[0m
[0;32mI (1175) wifi_init: tcpip mbox: 32[0m
[0;32mI (1179) wifi_init: udp mbox: 6[0m
[0;32mI (1183) wifi_init: tcp mbox: 6[0m
[0;32mI (1187) wifi_init: tcp tx win: 5744[0m
[0;32mI (1191) wifi_init: tcp rx win: 5744[0m
[0;32mI (1195) wifi_init: tcp mss: 1440[0m
[0;32mI (1199) wifi_init: WiFi IRAM OP enabled[0m
[0;32mI (1204) wifi_init: WiFi RX IRAM OP enabled[0m
[0;32mI (1213) phy_init: phy_version 4771,450c73b,Aug 16 2023,11:03:10[0m
I (1281) wifi:mode : softAP (30:c6:f7:04:f9:d9)
I (1284) wifi:Total power save buffer number: 8
I (1284) wifi:Init max length of beacon: 752/752
I (1284) wifi:Init max length of beacon: 752/752
[0;32mI (1289) gpio: GPIO[25]| InputEn: 1| OutputEn: 0| OpenDrain: 0| Pullup: 1| Pulldown: 0| Intr:2 [0m
[0;32mI (1298) cam_hal: cam init ok[0m
[0;32mI (1301) sccb: pin_sda 26 pin_scl 27[0m
[0;32mI (1305) sccb: sccb_i2c_port=0[0m
[0;32mI (1309) gpio: GPIO[32]| InputEn: 0| OutputEn: 1| OpenDrain: 0| Pullup: 0| Pulldown: 0| Intr:0 [0m
[0;32mI (1348) camera: Detected camera at address=0x30[0m
[0;32mI (1351) camera: Detected OV2640 camera[0m
[0;32mI (1351) camera: Camera PID=0x26 VER=0x42 MIDL=0x7f MIDH=0xa2[0m
[0;32mI (1436) cam_hal: buffer_size: 32768, half_buffer_size: 4096, node_buffer_size: 2048, node_cnt: 16, total_cnt: 15[0m
[0;32mI (1436) cam_hal: Allocating 61440 Byte frame buffer in PSRAM[0m
[0;32mI (1443) cam_hal: cam config ok[0m
[0;32mI (1446) ov2640: Set PLL: clk_2x: 0, clk_div: 0, pclk_auto: 0, pclk_div: 8[0m
[0;32mI (1535) TCP/IP socket: Socket created[0m
[0;32mI (1536) TCP/IP socket: Socket binded[0m
[0;32mI (1536) TCP/IP socket: Socket listening ...[0m
[0;32mI (1568) esp32-cam Webserver: ESP32 CAM Web Server is up and running
[0m
[0;32mI (1568) main_task: Returned from app_main()[0m

Brownout detector was triggered

ets Jun  8 2016 00:22:57

rst:0xc (SW_CPU_RESET),boot:0x13 (SPI_FAST_FLASH_BOOT)
configsip: 0, SPIWP:0xee
clk_drv:0x00,q_drv:0x00,d_drv:0x00,cs0_drv:0x00,hd_drv:0x00,wp_drv:0x00
mode:DIO, clock div:1
load:0x3fff0030,len:7332
load:0x40078000,len:16496
ho 0 tail 12 room 4
load:0x40080400,len:4280
entry 0x4008066c
[0;32mI (29) boot: ESP-IDF v5.0.4 2nd stage bootloader[0m
[0;32mI (29) boot: compile time 11:24:59[0m
[0;32mI (29) boot: Multicore bootloader[0m
[0;32mI (32) boot: chip revision: v1.0[0m
[0;32mI (36) qio_mode: Enabling default flash chip QIO[0m
[0;32mI (41) boot.esp32: SPI Speed      : 80MHz[0m
[0;32mI (46) boot.esp32: SPI Mode       : QIO[0m
[0;32mI (50) boot.esp32: SPI Flash Size : 4MB[0m
[0;32mI (55) boot: Enabling RNG early entropy source...[0m
[0;32mI (60) boot: Partition Table:[0m
[0;32mI (64) boot: ## Label            Usage          Type ST Offset   Length[0m
[0;32mI (71) boot:  0 nvs              WiFi data        01 02 00011000 00006000[0m
[0;32mI (79) boot:  1 phy_init         RF data          01 01 00017000 00001000[0m
[0;32mI (86) boot:  2 factory          factory app      00 00 00020000 00100000[0m
[0;32mI (94) boot: End of partition table[0m
[0;32mI (98) esp_image: segment 0: paddr=00020020 vaddr=3f400020 size=27f0ch (163596) map[0m
[0;32mI (151) esp_image: segment 1: paddr=00047f34 vaddr=3ffb0000 size=04270h ( 17008) load[0m
[0;32mI (157) esp_image: segment 2: paddr=0004c1ac vaddr=40080000 size=03e6ch ( 15980) load[0m
[0;32mI (162) esp_image: segment 3: paddr=00050020 vaddr=400d0020 size=97730h (620336) map[0m
[0;32mI (336) esp_image: segment 4: paddr=000e7758 vaddr=40083e6c size=186c4h (100036) load[0m
[0;32mI (383) boot: Loaded app from partition at offset 0x20000[0m
[0;32mI (383) boot: Disabling RNG early entropy source...[0m
[0;32mI (394) cpu_start: Multicore app[0m
[0;32mI (395) quad_psram: This chip is ESP32-D0WD[0m
[0;32mI (395) esp_psram: Found 8MB PSRAM device[0m
[0;32mI (397) esp_psram: Speed: 80MHz[0m
[0;32mI (401) esp_psram: PSRAM initialized, cache is in low/high (2-core) mode.[0m
[0;33mW (408) esp_psram: Virtual address not enough for PSRAM, map as much as we can. 4MB is mapped[0m
[0;32mI (417) cpu_start: Pro cpu up.[0m
[0;32mI (421) cpu_start: Starting app cpu, entry point is 0x400816f8[0m
[0;32mI (413) cpu_start: App cpu up.[0m
[0;32mI (939) esp_psram: SPI SRAM memory test OK[0m
[0;32mI (947) cpu_start: Pro cpu start user code[0m
[0;32mI (947) cpu_start: cpu freq: 240000000 Hz[0m
[0;32mI (947) cpu_start: Application information:[0m
[0;32mI (950) cpu_start: Project name:     camera_example[0m
[0;32mI (955) cpu_start: App version:      ceb442c-dirty[0m
[0;32mI (961) cpu_start: Compile time:     Dec  4 2023 17:49:47[0m
[0;32mI (967) cpu_start: ELF file SHA256:  ca01120daf36f04b...[0m
[0;32mI (973) cpu_start: ESP-IDF:          v5.0.4[0m
[0;32mI (978) cpu_start: Min chip rev:     v0.0[0m
[0;32mI (982) cpu_start: Max chip rev:     v3.99 [0m
[0;32mI (987) cpu_start: Chip rev:         v1.0[0m
[0;32mI (992) heap_init: Initializing. RAM available for dynamic allocation:[0m
[0;32mI (999) heap_init: At 3FFAE6E0 len 00001920 (6 KiB): DRAM[0m
[0;32mI (1005) heap_init: At 3FFB8910 len 000276F0 (157 KiB): DRAM[0m
[0;32mI (1011) heap_init: At 3FFE0440 len 00003AE0 (14 KiB): D/IRAM[0m
[0;32mI (1018) heap_init: At 3FFE4350 len 0001BCB0 (111 KiB): D/IRAM[0m
[0;32mI (1024) heap_init: At 4009C530 len 00003AD0 (14 KiB): IRAM[0m
[0;32mI (1031) esp_psram: Adding pool of 4096K of PSRAM memory to heap allocator[0m
[0;32mI (1039) spi_flash: detected chip: generic[0m
[0;32mI (1043) spi_flash: flash io: qio[0m
[0;32mI (1048) app_start: Starting scheduler on CPU0[0m
[[0;32mI (1052) app_start: Starting scheduler on CPU1[0m
0;32mI (1052) main_task: Started on CPU0[0m
[0;32mI (1062) esp_psram: Reserving pool of 32K of internal memory for DMA/internal allocations[0m
[0;32mI (1070) main_task: Calling app_main()[0m
[0;32mI (1074) esp32-cam Webserver: ESP32 CAM Web Server .......
[0m
I (1111) wifi:wifi driver task: 3ffc895c, prio:23, stack:6656, core=0
[0;32mI (1111) system_api: Base MAC address is not set[0m
[0;32mI (1111) system_api: read default base MAC address from EFUSE[0m
I (1132) wifi:wifi firmware version: e2d0ad8
I (1132) wifi:wifi certification version: v7.0
I (1132) wifi:config NVS flash: enabled
I (1132) wifi:config nano formating: disabled
I (1137) wifi:Init data frame dynamic rx buffer num: 32
I (1141) wifi:Init management frame dynamic rx buffer num: 32
I (1147) wifi:Init management short buffer num: 32
I (1152) wifi:Init static tx buffer num: 16
I (1156) wifi:Init tx cache buffer num: 32
I (1159) wifi:Init static rx buffer size: 1600
I (1163) wifi:Init static rx buffer num: 10
I (1167) wifi:Init dynamic rx buffer num: 32
[0;32mI (1172) wifi_init: rx ba win: 6[0m
[0;32mI (1175) wifi_init: tcpip mbox: 32[0m
[0;32mI (1179) wifi_init: udp mbox: 6[0m
[0;32mI (1183) wifi_init: tcp mbox: 6[0m
[0;32mI (1187) wifi_init: tcp tx win: 5744[0m
[0;32mI (1191) wifi_init: tcp rx win: 5744[0m
[0;32mI (1195) wifi_init: tcp mss: 1440[0m
[0;32mI (1199) wifi_init: WiFi IRAM OP enabled[0m
[0;32mI (1204) wifi_init: WiFi RX IRAM OP enabled[0m
[0;32mI (1213) phy_init: phy_version 4771,450c73b,Aug 16 2023,11:03:10[0m

Brownout detector was triggered

ets Jun  8 2016 00:22:57

rst:0xc (SW_CPU_RESET),boot:0x13 (SPI_FAST_FLASH_BOOT)
configsip: 0, SPIWP:0xee
clk_drv:0x00,q_drv:0x00,d_drv:0x00,cs0_drv:0x00,hd_drv:0x00,wp_drv:0x00
mode:DIO, clock div:1
load:0x3fff0030,len:7332
load:0x40078000,len:16496
ho 0 tail 12 room 4
load:0x40080400,len:4280
entry 0x4008066c
[0;32mI (29) boot: ESP-IDF v5.0.4 2nd stage bootloader[0m
[0;32mI (29) boot: compile time 11:24:59[0m
[0;32mI (29) boot: Multicore bootloader[0m
[0;32mI (32) boot: chip revision: v1.0[0m
[0;32mI (36) qio_mode: Enabling default flash chip QIO[0m
[0;32mI (41) boot.esp32: SPI Speed      : 80MHz[0m
[0;32mI (46) boot.esp32: SPI Mode       : QIO[0m
[0;32mI (50) boot.esp32: SPI Flash Size : 4MB[0m
[0;32mI (55) boot: Enabling RNG early entropy source...[0m
[0;32mI (60) boot: Partition Table:[0m
[0;32mI (64) boot: ## Label            Usage          Type ST Offset   Length[0m
[0;32mI (71) boot:  0 nvs              WiFi data        01 02 00011000 00006000[0m
[0;32mI (79) boot:  1 phy_init         RF data          01 01 00017000 00001000[0m
[0;32mI (86) boot:  2 factory          factory app      00 00 00020000 00100000[0m
[0;32mI (94) boot: End of partition table[0m
[0;32mI (98) esp_image: segment 0: paddr=00020020 vaddr=3f400020 size=27f0ch (163596) map[0m
[0;32mI (151) esp_image: segment 1: paddr=00047f34 vaddr=3ffb0000 size=04270h ( 17008) load[0m
[0;32mI (157) esp_image: segment 2: paddr=0004c1ac vaddr=40080000 size=03e6ch ( 15980) load[0m
[0;32mI (162) esp_image: segment 3: paddr=00050020 vaddr=400d0020 size=97730h (620336) map[0m
[0;32mI (336) esp_image: segment 4: paddr=000e7758 vaddr=40083e6c size=186c4h (100036) load[0m
[0;32mI (383) boot: Loaded app from partition at offset 0x20000[0m
[0;32mI (383) boot: Disabling RNG early entropy source...[0m
[0;32mI (394) cpu_start: Multicore app[0m
[0;32mI (395) quad_psram: This chip is ESP32-D0WD[0m
[0;32mI (395) esp_psram: Found 8MB PSRAM device[0m
[0;32mI (397) esp_psram: Speed: 80MHz[0m
[0;32mI (401) esp_psram: PSRAM initialized, cache is in low/high (2-core) mode.[0m
[0;33mW (408) esp_psram: Virtual address not enough for PSRAM, map as much as we can. 4MB is mapped[0m
[0;32mI (417) cpu_start: Pro cpu up.[0m
[0;32mI (421) cpu_start: Starting app cpu, entry point is 0x400816f8[0m
[0;32mI (413) cpu_start: App cpu up.[0m
[0;32mI (939) esp_psram: SPI SRAM memory test OK[0m
[0;32mI (947) cpu_start: Pro cpu start user code[0m
[0;32mI (947) cpu_start: cpu freq: 240000000 Hz[0m
[0;32mI (947) cpu_start: Application information:[0m
[0;32mI (950) cpu_start: Project name:     camera_example[0m
[0;32mI (955) cpu_start: App version:      ceb442c-dirty[0m
[0;32mI (961) cpu_start: Compile time:     Dec  4 2023 17:49:47[0m
[0;32mI (967) cpu_start: ELF file SHA256:  ca01120daf36f04b...[0m
[0;32mI (973) cpu_start: ESP-IDF:          v5.0.4[0m
[0;32mI (978) cpu_start: Min chip rev:     v0.0[0m
[0;32mI (982) cpu_start: Max chip rev:     v3.99 [0m
[0;32mI (987) cpu_start: Chip rev:         v1.0[0m
[0;32mI (992) heap_init: Initializing. RAM available for dynamic allocation:[0m
[0;32mI (999) heap_init: At 3FFAE6E0 len 00001920 (6 KiB): DRAM[0m
[0;32mI (1005) heap_init: At 3FFB8910 len 000276F0 (157 KiB): DRAM[0m
[0;32mI (1011) heap_init: At 3FFE0440 len 00003AE0 (14 KiB): D/IRAM[0m
[0;32mI (1018) heap_init: At 3FFE4350 len 0001BCB0 (111 KiB): D/IRAM[0m
[0;32mI (1024) heap_init: At 4009C530 len 00003AD0 (14 KiB): IRAM[0m
[0;32mI (1031) esp_psram: Adding pool of 4096K of PSRAM memory to heap allocator[0m
[0;32mI (1039) spi_flash: detected chip: generic[0m
[0;32mI (1043) spi_flash: flash io: qio[0m
[0;32mI (1048) app_start: Starting scheduler on CPU0[0m
[[0;32mI (1052) app_start: Starting scheduler on CPU1[0m
0;32mI (1052) main_task: Started on CPU0[0m
[0;32mI (1062) esp_psram: Reserving pool of 32K of internal memory for DMA/internal allocations[0m
[0;32mI (1070) main_task: Calling app_main()[0m
[0;32mI (1074) esp32-cam Webserver: ESP32 CAM Web Server .......
[0m
I (1111) wifi:wifi driver task: 3ffc895c, prio:23, stack:6656, core=0
[0;32mI (1111) system_api: Base MAC address is not set[0m
[0;32mI (1111) system_api: read default base MAC address from EFUSE[0m
I (1132) wifi:wifi firmware version: e2d0ad8
I (1132) wifi:wifi certification version: v7.0
I (1132) wifi:config NVS flash: enabled
I (1132) wifi:config nano formating: disabled
I (1137) wifi:Init data frame dynamic rx buffer num: 32
I (1141) wifi:Init management frame dynamic rx buffer num: 32
I (1147) wifi:Init management short buffer num: 32
I (1152) wifi:Init static tx buffer num: 16
I (1156) wifi:Init tx cache buffer num: 32
I (1159) wifi:Init static rx buffer size: 1600
I (1163ets Jun  8 2016 00:22:57

rst:0x1 (POWERON_RESET),boot:0x13 (SPI_FAST_FLASH_BOOT)
configsip: 0, SPIWP:0xee
clk_drv:0x00,q_drv:0x00,d_drv:0x00,cs0_drv:0x00,hd_drv:0x00,wp_drv:0x00
mode:DIO, clock div:1
load:0x3fff0030,len:7332
load:0x40078000,len:16496
ho 0 tail 12 room 4
load:0x40080400,len:4280
entry 0x4008066c
[0;32mI (28) boot: ESP-IDF v5.0.4 2nd stage bootloader[0m
[0;32mI (28) boot: compile time 11:24:59[0m
[0;32mI (28) boot: Multicore bootloader[0m
[0;32mI (31) boot: chip revision: v1.0[0m
[0;32mI (35) qio_mode: Enabling default flash chip QIO[0m
[0;32mI (40) boot.esp32: SPI Speed      : 80MHz[0m
[0;32mI (45) boot.esp32: SPI Mode       : QIO[0m
[0;32mI (50) boot.esp32: SPI Flash Size : 4MB[0m
[0;32mI (54) boot: Enabling RNG early entropy source...[0m
[0;32mI (60) boot: Partition Table:[0m
[0;32mI (63) boot: ## Label            Usage          Type ST Offset   Length[0m
[0;32mI (71) boot:  0 nvs              WiFi data        01 02 00011000 00006000[0m
[0;32mI (78) boot:  1 phy_init         RF data          01 01 00017000 00001000[0m
[0;32mI (85) boot:  2 factory          factory app      00 00 00020000 00100000[0m
[0;32mI (93) boot: End of partition table[0m
[0;32mI (97) esp_image: segment 0: paddr=00020020 vaddr=3f400020 size=27f0ch (163596) map[0m
[0;32mI (151) esp_image: segment 1: paddr=00047f34 vaddr=3ffb0000 size=04270h ( 17008) load[0m
[0;32mI (156) esp_image: segment 2: paddr=0004c1ac vaddr=40080000 size=03e6ch ( 15980) load[0m
[0;32mI (162) esp_image: segment 3: paddr=00050020 vaddr=400d0020 size=97730h (620336) map[0m
[0;32mI (335) esp_image: segment 4: paddr=000e7758 vaddr=40083e6c size=186c4h (100036) load[0m
[0;32mI (382) boot: Loaded app from partition at offset 0x20000[0m
[0;32mI (382) boot: Disabling RNG early entropy source...[0m
[0;32mI (394) cpu_start: Multicore app[0m
[0;32mI (394) quad_psram: This chip is ESP32-D0WD[0m
[0;32mI (395) esp_psram: Found 8MB PSRAM device[0m
[0;32mI (396) esp_psram: Speed: 80MHz[0m
[0;32mI (400) esp_psram: PSRAM initialized, cache is in low/high (2-core) mode.[0m
[0;33mW (407) esp_psram: Virtual address not enough for PSRAM, map as much as we can. 4MB is mapped[0m
[0;32mI (416) cpu_start: Pro cpu up.[0m
[0;32mI (420) cpu_start: Starting app cpu, entry point is 0x400816f8[0m
[0;32mI (0) cpu_start: App cpu up.[0m
[0;32mI (938) esp_psram: SPI SRAM memory test OK[0m
[0;32mI (946) cpu_start: Pro cpu start user code[0m
[0;32mI (946) cpu_start: cpu freq: 240000000 Hz[0m
[0;32mI (946) cpu_start: Application information:[0m
[0;32mI (949) cpu_start: Project name:     camera_example[0m
[0;32mI (954) cpu_start: App version:      ceb442c-dirty[0m
[0;32mI (960) cpu_start: Compile time:     Dec  4 2023 17:49:47[0m
[0;32mI (966) cpu_start: ELF file SHA256:  ca01120daf36f04b...[0m
[0;32mI (972) cpu_start: ESP-IDF:          v5.0.4[0m
[0;32mI (977) cpu_start: Min chip rev:     v0.0[0m
[0;32mI (982) cpu_start: Max chip rev:     v3.99 [0m
[0;32mI (986) cpu_start: Chip rev:         v1.0[0m
[0;32mI (991) heap_init: Initializing. RAM available for dynamic allocation:[0m
[0;32mI (998) heap_init: At 3FFAE6E0 len 00001920 (6 KiB): DRAM[0m
[0;32mI (1004) heap_init: At 3FFB8910 len 000276F0 (157 KiB): DRAM[0m
[0;32mI (1011) heap_init: At 3FFE0440 len 00003AE0 (14 KiB): D/IRAM[0m
[0;32mI (1017) heap_init: At 3FFE4350 len 0001BCB0 (111 KiB): D/IRAM[0m
[0;32mI (1024) heap_init: At 4009C530 len 00003AD0 (14 KiB): IRAM[0m
[0;32mI (1030) esp_psram: Adding pool of 4096K of PSRAM memory to heap allocator[0m
[0;32mI (1038) spi_flash: detected chip: generic[0m
[0;32mI (1042) spi_flash: flash io: qio[0m
[0;32mI (1047) app_start: Starting scheduler on CPU0[0m
[[0;32mI (1051) app_start: Starting scheduler on CPU1[0m
0;32mI (1051) main_task: Started on CPU0[0m
[0;32mI (1061) esp_psram: Reserving pool of 32K of internal memory for DMA/internal allocations[0m
[0;32mI (1069) main_task: Calling app_main()[0m
[0;32mI (1073) esp32-cam Webserver: ESP32 CAM Web Server .......
[0m
I (1110) wifi:wifi driver task: 3ffc895c, prio:23, stack:6656, core=0
[0;32mI (1110) system_api: Base MAC address is not set[0m
[0;32mI (1110) system_api: read default base MAC address from EFUSE[0m
I (1131) wifi:wifi firmware version: e2d0ad8
I (1131) wifi:wifi certification version: v7.0
I (1131) wifi:config NVS flash: enabled
I (1131) wifi:config nano formating: disabled
I (1136) wifi:Init data frame dynamic rx buffer num: 32
I (1140) wifi:Init management frame dynamic rx buffer num: 32
I (1146) wifi:Init management short buffer num: 32
I (1151) wifi:Init static tx buffer num: 16
I (1155) wifi:Init tx cache buffer num: 32
I (1158) wifi:Init static rx buffer size: 1600
I (1162) wifi:Init static rx buffer num: 10
I (1166) wifi:Init dynamic rx buffer num: 32
[0;32mI (1171) wifi_init: rx ba win: 6[0m
[0;32mI (1174) wifi_init: tcpip mbox: 32[0m
[0;32mI (1178) wifi_init: udp mbox: 6[0m
[0;32mI (1182) wifi_init: tcp mbox: 6[0m
[0;32mI (1186) wifi_init: tcp tx win: 5744[0m
[0;32mI (1190) wifi_init: tcp rx win: 5744[0m
[0;32mI (1194) wifi_init: tcp mss: 1440[0m
[0;32mI (1198) wifi_init: WiFi IRAM OP enabled[0m
[0;32mI (1203) wifi_init: WiFi RX IRAM OP enabled[0m
[0;32mI (1212) phy_init: phy_version 4771,450c73b,Aug 16 2023,11:03:10[0m
I (1278) wifi:mode : softAP (30:c6:f7:04:f9:d9)
I (1280) wifi:Total power save buffer number: 8
I (1281) wifi:Init max length of beacon: 752/752
I (1281) wifi:Init max length of beacon: 752/752
[0;32mI (1285) gpio: GPIO[25]| InputEn: 1| OutputEn: 0| OpenDrain: 0| Pullup: 1| Pulldown: 0| Intr:2 [0m
[0;32mI (1294) cam_hal: cam init ok[0m
[0;32mI (1298) sccb: pin_sda 26 pin_scl 27[0m
[0;32mI (1302) sccb: sccb_i2c_port=0[0m
[0;32mI (1306) gpio: GPIO[32]| InputEn: 0| OutputEn: 1| OpenDrain: 0| Pullup: 0| Pulldown: 0| Intr:0 [0m
[0;32mI (1345) camera: Detected camera at address=0x30[0m
[0;32mI (1348) camera: Detected OV2640 camera[0m
[0;32mI (1348) camera: Camera PID=0x26 VER=0x42 MIDL=0x7f MIDH=0xa2[0m
[0;32mI (1433) cam_hal: buffer_size: 32768, half_buffer_size: 4096, node_buffer_size: 2048, node_cnt: 16, total_cnt: 15[0m
[0;32mI (1434) cam_hal: Allocating 61440 Byte frame buffer in PSRAM[0m
[0;32mI (1440) cam_hal: cam config ok[0m
[0;32mI (1444) ov2640: Set PLL: clk_2x: 0, clk_div: 0, pclk_auto: 0, pclk_div: 8[0m
ets Jun  8 2016 00:22:57

rst:0x1 (POWERON_RESET),boot:0x13 (SPI_FAST_FLASH_BOOT)
configsip: 0, SPIWP:0xee
clk_drv:0x00,q_drv:0x00,d_drv:0x00,cs0_drv:0x00,hd_drv:0x00,wp_drv:0x00
mode:DIO, clock div:1
load:0x3fff0030,len:7332
load:0x40078000,len:16496
ho 0 tail 12 room 4
load:0x40080400,len:4280
entry 0x4008066c
[0;32mI (28) boot: ESP-IDF v5.0.4 2nd stage bootloader[0m
[0;32mI (28) boot: compile time 11:24:59[0m
[0;32mI (28) boot: Multicore bootloader[0m
[0;32mI (31) boot: chip revision: v1.0[0m
[0;32mI (35) qio_mode: Enabling default flash chip QIO[0m
[0;32mI (40) boot.esp32: SPI Speed      : 80MHz[0m
[0;32mI (45) boot.esp32: SPI Mode       : QIO[0m
[0;32mI (50) boot.esp32: SPI Flash Size : 4MB[0m
[0;32mI (54) boot: Enabling RNG early entropy source...[0m
[0;32mI (60) boot: Partition Table:[0m
[0;32mI (63) boot: ## Label            Usage          Type ST Offset   Length[0m
[0;32mI (70) boot:  0 nvs              WiFi data        01 02 00011000 00006000[0m
[0;32mI (78) boot:  1 phy_init         RF data          01 01 00017000 00001000[0m
[0;32mI (85) boot:  2 factory          factory app      00 00 00020000 00100000[0m
[0;32mI (93) boot: End of partition table[0m
[0;32mI (97) esp_image: segment 0: paddr=00020020 vaddr=3f400020 size=27f0ch (163596) map[0m
[0;32mI (151) esp_image: segment 1: paddr=00047f34 vaddr=3ffb0000 size=04270h ( 17008) load[0m
[0;32mI (156) esp_image: segment 2: paddr=0004c1ac vaddr=40080000 size=03e6ch ( 15980) load[0m
[0;32mI (162) esp_image: segment 3: paddr=00050020 vaddr=400d0020 size=97730h (620336) map[0m
[0;32mI (335) esp_image: segment 4: paddr=000e7758 vaddr=40083e6c size=186c4h (100036) load[0m
[0;32mI (382) boot: Loaded app from partition at offset 0x20000[0m
[0;32mI (382) boot: Disabling RNG early entropy source...[0m
[0;32mI (394) cpu_start: Multicore app[0m
[0;32mI (394) quad_psram: This chip is ESP32-D0WD[0m
[0;32mI (395) esp_psram: Found 8MB PSRAM device[0m
[0;32mI (396) esp_psram: Speed: 80MHz[0m
[0;32mI (400) esp_psram: PSRAM initialized, cache is in low/high (2-core) mode.[0m
[0;33mW (407) esp_psram: Virtual address not enough for PSRAM, map as much as we can. 4MB is mapped[0m
[0;32mI (416) cpu_start: Pro cpu up.[0m
[0;32mI (420) cpu_start: Starting app cpu, entry point is 0x400816f8[0m
[0;32mI (0) cpu_start: App cpu up.[0m
[0;32mI (938) esp_psram: SPI SRAM memory test OK[0m
[0;32mI (946) cpu_start: Pro cpu start user code[0m
[0;32mI (946) cpu_start: cpu freq: 240000000 Hz[0m
[0;32mI (946) cpu_start: Application information:[0m
[0;32mI (949) cpu_start: Project name:     camera_example[0m
[0;32mI (954) cpu_start: App version:      ceb442c-dirty[0m
[0;32mI (960) cpu_start: Compile time:     Dec  4 2023 17:49:47[0m
[0;32mI (966) cpu_start: ELF file SHA256:  ca01120daf36f04b...[0m
[0;32mI (972) cpu_start: ESP-IDF:          v5.0.4[0m
[0;32mI (977) cpu_start: Min chip rev:     v0.0[0m
[0;32mI (982) cpu_start: Max chip rev:     v3.99 [0m
[0;32mI (986) cpu_start: Chip rev:         v1.0[0m
[0;32mI (991) heap_init: Initializing. RAM available for dynamic allocation:[0m
[0;32mI (998) heap_init: At 3FFAE6E0 len 00001920 (6 KiB): DRAM[0m
[0;32mI (1004) heap_init: At 3FFB8910 len 000276F0 (157 KiB): DRAM[0m
[0;32mI (1011) heap_init: At 3FFE0440 len 00003AE0 (14 KiB): D/IRAM[0m
[0;32mI (1017) heap_init: At 3FFE4350 len 0001BCB0 (111 KiB): D/IRAM[0m
[0;32mI (1024) heap_init: At 4009C530 len 00003AD0 (14 KiB): IRAM[0m
[0;32mI (1030) esp_psram: Adding pool of 4096K of PSRAM memory to heap allocator[0m
[0;32mI (1038) spi_flash: detected chip: generic[0m
[0;32mI (1042) spi_flash: flash io: qio[0m
[0;32mI (1047) app_start: Starting scheduler on CPU0[0m
[[0;32mI (1051) app_start: Starting scheduler on CPU1[0m
0;32mI (1051) main_task: Started on CPU0[0m
[0;32mI (1061) esp_psram: Reserving pool of 32K of internal memory for DMA/internal allocations[0m
[0;32mI (1069) main_task: Calling app_main()[0m
[0;32mI (1073) esp32-cam Webserver: ESP32 CAM Web Server .......
[0m
I (1110) wifi:wifi driver task: 3ffc895c, prio:23, stack:6656, core=0
[0;32mI (1110) system_api: Base MAC address is not set[0m
[0;32mI (1110) system_api: read default base MAC address from EFUSE[0m
I (1131) wifi:wifi firmware version: e2d0ad8
I (1131) wifi:wifi certification version: v7.0
I (1131) wifi:config NVS flash: enabled
I (1131) wifi:config nano formating: disabled
I (1136) wifi:Init data frame dynamic rx buffer num: 32
I (1140) wifi:Init management frame dynamic rx buffer num: 32
I (1146) wifi:Init management short buffer num: 32
I (1151) wifi:Init static tx buffer num: 16
I (1155) wifi:Init tx cache buffer num: 32
I (1158) wifi:Init static rx buffer size: 1600
I (1162) wifi:Init static rx buffer num: 10
I (1166) wifi:Init dynamic rx buffer num: 32
[0;32mI (1171) wifi_init: rx ba win: 6[0m
[0;32mI (1174) wifi_init: tcpip mbox: 32[0m
[0;32mI (1178) wifi_init: udp mbox: 6[0m
[0;32mI (1182) wifi_init: tcp mbox: 6[0m
[0;32mI (1186) wifi_init: tcp tx win: 5744[0m
[0;32mI (1190) wifi_init: tcp rx win: 5744[0m
[0;32mI (1194) wifi_init: tcp mss: 1440[0m
[0;32mI (1198) wifi_init: WiFi IRAM OP enabled[0m
[0;32mI (1203) wifi_init: WiFi RX IRAM OP enabled[0m
[0;32mI (1212) phy_init: phy_version 4771,450c73b,Aug 16 2023,11:03:10[0m
I (1281) wifi:mode : softAP (30:c6:f7:04:f9:d9)
I (1283) wifi:Total power save buffer number: 8
I (1284) wifi:Init max length of beacon: 752/752
I (1284) wifi:Init max length of beacon: 752/752
[0;32mI (1288) gpio: GPIO[25]| InputEn: 1| OutputEn: 0| OpenDrain: 0| Pullup: 1| Pulldown: 0| Intr:2 [0m
[0;32mI (1297) cam_hal: cam init ok[0m
[0;32mI (1301) sccb: pin_sda 26 pin_scl 27[0m
[0;32mI (1305) sccb: sccb_i2c_port=0[0m
[0;32mI (1309) gpio: GPIO[32]| InputEn: 0| OutputEn: 1| OpenDrain: 0| Pullup: 0| Pulldown: 0| Intr:0 [0m
[0;32mI (1348) camera: Detected camera at address=0x30[0m
[0;32mI (1351) camera: Detected OV2640 camera[0m
[0;32mI (1351) camera: Camera PID=0x26 VER=0x42 MIDL=0x7f MIDH=0xa2[0m
[0;32mI (1436) cam_hal: buffer_size: 32768, half_buffer_size: 4096, node_buffer_size: 2048, node_cnt: 16, total_cnt: 15[0m
[0;32mI (1437) cam_hal: Allocating 61440 Byte frame buffer in PSRAM[0m
[0;32mI (1443) cam_hal: cam config ok[0m
[0;32mI (1446) ov2640: Set PLL: clk_2x: 0, clk_div: 0, pclk_auto: 0, pclk_div: 8[0m
[0;32mI (1535) TCP/IP socket: Socket created[0m
[0;32mI (1536) TCP/IP socket: Socket binded[0m
[0;32mI (1536) TCP/IP socket: Socket listening ...[0m
[0;32mI (1568) esp32-cam Webserver: ESP32 CAM Web Server is up and running
[0m
[0;32mI (1568) main_task: Returned from app_main()[0m
I (14740) wifi:new:<1,0>, old:<1,1>, ap:<1,1>, sta:<255,255>, prof:1
I (14741) wifi:station: 3e:18:89:66:46:c6 join, AID=1, bgn, 20
I (14842) wifi:<ba-add>idx:2 (ifx:1, 3e:18:89:66:46:c6), tid:0, ssn:2, winSize:64
[0;32mI (14851) esp_netif_lwip: DHCP server assigned IP to a client, IP is: 192.168.254.2[0m
[0;32mI (14852) wifi: SoftAP client connected with IP: 192.168.254.2.[0m
I (356115) wifi:new:<1,1>, old:<1,0>, ap:<1,1>, sta:<255,255>, prof:1
I (356116) wifi:station: 28:d0:ea:5f:dc:3c join, AID=2, bgn, 40U
[0;32mI (356532) esp_netif_lwip: DHCP server assigned IP to a client, IP is: 192.168.254.4[0m
[0;32mI (356532) wifi: SoftAP client connected with IP: 192.168.254.4.[0m
I (357256) wifi:<ba-add>idx:3 (ifx:1, 28:d0:ea:5f:dc:3c), tid:0, ssn:19, winSize:64
I (428774) wifi:<ba-add>idx:4 (ifx:1, 3e:18:89:66:46:c6), tid:1, ssn:0, winSize:64
[0;32mI (568845) TCP/IP socket: Socket accepted ... [0m
[0;32mI (570995) TCP/IP socket: SENT BYTES ...[0m
[0;32mI (570995) TCP/IP socket: SENT BYTES ...[0m
[0;32mI (570995) TCP/IP socket: SENT BYTES ...[0m
[0;32mI (570998) TCP/IP socket: SENT BYTES ...[0m
[0;32mI (571002) TCP/IP socket: SENT BYTES ...[0m
[0;32mI (571007) TCP/IP socket: SENT BYTES ...[0m
[0;32mI (571012) TCP/IP socket: SENT BYTES ...[0m
[0;32mI (571016) TCP/IP socket: SENT BYTES ...[0m
